// Jest Snapshot v1, https://goo.gl/fbAQLP

exports[`Emoji renders an emoji 1`] = `
ShallowWrapper {
  "length": 1,
  Symbol(enzyme.__root__): [Circular],
  Symbol(enzyme.__unrendered__): <Emoji
    active={false}
    context={
      Object {
        "classNames": Object {
          "emoji": "interweave-picker__emoji",
          "emojiActive": "interweave-picker__emoji--active",
          "emojis": "interweave-picker__emojis",
          "emojisBody": "interweave-picker__emojis-body",
          "emojisContainer": "interweave-picker__emojis-container",
          "emojisHeader": "interweave-picker__emojis-header",
          "emojisRow": "interweave-picker__emojis-row",
          "emojisSection": "interweave-picker__emojis-section",
          "group": "interweave-picker__group",
          "groupActive": "interweave-picker__group--active",
          "groups": "interweave-picker__groups",
          "groupsList": "interweave-picker__groups-list",
          "noPreview": "interweave-picker__no-preview",
          "noResults": "interweave-picker__no-results",
          "picker": "interweave-picker__picker",
          "pickerVirtual": "interweave-picker__picker--virtual",
          "preview": "interweave-picker__preview",
          "previewContent": "interweave-picker__preview-content",
          "previewEmoji": "interweave-picker__preview-emoji",
          "previewSubtitle": "interweave-picker__preview-subtitle",
          "previewTitle": "interweave-picker__preview-title",
          "search": "interweave-picker__search",
          "searchInput": "interweave-picker__search-input",
          "skinTone": "interweave-picker__skin-tone",
          "skinToneActive": "interweave-picker__skin-tone--active",
          "skinTones": "interweave-picker__skin-tones",
        },
        "messages": Object {
          "activities": "Activities",
          "animals-nature": "Animals & Nature",
          "flags": "Flags",
          "food-drink": "Food & Drink",
          "frequently-used": "Frequently Used",
          "noPreview": "No emoji to display",
          "noResults": "No results",
          "none": "All Emojis",
          "objects": "Objects",
          "recently-used": "Recently Used",
          "search": "Search",
          "search-results": "Search Results",
          "searchA11y": "Search for emojis by keyword",
          "smileys-people": "Smileys & People",
          "symbols": "Symbols",
          "travel-places": "Travel & Places",
        },
      }
    }
    emoji={
      Object {
        "annotation": "cat",
        "canonical_shortcodes": Array [
          ":cat:",
        ],
        "emoji": "🐈️",
        "group": 1,
        "hexcode": "1F408",
        "name": "CAT",
        "order": 2079,
        "primary_shortcode": ":cat:",
        "shortcodes": Array [
          "cat",
        ],
        "skins": undefined,
        "subgroup": 18,
        "tags": Array [
          "pet",
        ],
        "text": "🐈︎",
        "type": 1,
        "unicode": "🐈️",
        "version": 1,
      }
    }
    emojiPadding={5}
    emojiPath="{{hexcode}}"
    emojiSize={22}
    emojiSource={
      Object {
        "compact": false,
        "locale": "en",
        "version": "latest",
      }
    }
    onEnter={[Function]}
    onLeave={[Function]}
    onSelect={[Function]}
    showImage={true}
  />,
  Symbol(enzyme.__renderer__): Object {
    "batchedUpdates": [Function],
    "getNode": [Function],
    "render": [Function],
    "simulateEvent": [Function],
    "unmount": [Function],
  },
  Symbol(enzyme.__node__): Object {
    "instance": null,
    "key": "1F408",
    "nodeType": "host",
    "props": Object {
      "aria-label": "cat",
      "children": <Emoji
        emojiLargeSize="3em"
        emojiPath="{{hexcode}}"
        emojiSize={22}
        emojiSource={
          Object {
            "compact": false,
            "locale": "en",
            "version": "latest",
          }
        }
        emoticon=""
        enlargeEmoji={false}
        hexcode="1F408"
        renderUnicode={false}
        shortcode=""
        unicode=""
      />,
      "className": "interweave-picker__emoji",
      "onClick": [Function],
      "onMouseEnter": [Function],
      "onMouseLeave": [Function],
      "style": Object {
        "height": 32,
        "padding": 5,
        "width": 32,
      },
      "type": "button",
    },
    "ref": null,
    "rendered": Object {
      "instance": null,
      "key": undefined,
      "nodeType": "class",
      "props": Object {
        "emojiLargeSize": "3em",
        "emojiPath": "{{hexcode}}",
        "emojiSize": 22,
        "emojiSource": Object {
          "compact": false,
          "locale": "en",
          "version": "latest",
        },
        "emoticon": "",
        "enlargeEmoji": false,
        "hexcode": "1F408",
        "renderUnicode": false,
        "shortcode": "",
        "unicode": "",
      },
      "ref": null,
      "rendered": null,
      "type": [Function],
    },
    "type": "button",
  },
  Symbol(enzyme.__nodes__): Array [
    Object {
      "instance": null,
      "key": "1F408",
      "nodeType": "host",
      "props": Object {
        "aria-label": "cat",
        "children": <Emoji
          emojiLargeSize="3em"
          emojiPath="{{hexcode}}"
          emojiSize={22}
          emojiSource={
            Object {
              "compact": false,
              "locale": "en",
              "version": "latest",
            }
          }
          emoticon=""
          enlargeEmoji={false}
          hexcode="1F408"
          renderUnicode={false}
          shortcode=""
          unicode=""
        />,
        "className": "interweave-picker__emoji",
        "onClick": [Function],
        "onMouseEnter": [Function],
        "onMouseLeave": [Function],
        "style": Object {
          "height": 32,
          "padding": 5,
          "width": 32,
        },
        "type": "button",
      },
      "ref": null,
      "rendered": Object {
        "instance": null,
        "key": undefined,
        "nodeType": "class",
        "props": Object {
          "emojiLargeSize": "3em",
          "emojiPath": "{{hexcode}}",
          "emojiSize": 22,
          "emojiSource": Object {
            "compact": false,
            "locale": "en",
            "version": "latest",
          },
          "emoticon": "",
          "enlargeEmoji": false,
          "hexcode": "1F408",
          "renderUnicode": false,
          "shortcode": "",
          "unicode": "",
        },
        "ref": null,
        "rendered": null,
        "type": [Function],
      },
      "type": "button",
    },
  ],
  Symbol(enzyme.__options__): Object {
    "adapter": ReactSixteenAdapter {
      "options": Object {
        "enableComponentDidUpdateOnSetState": true,
      },
    },
  },
}
`;
