// Jest Snapshot v1, https://goo.gl/fbAQLP

exports[`<SearchBar /> renders a search bar 1`] = `
ShallowWrapper {
  "length": 1,
  Symbol(enzyme.__root__): [Circular],
  Symbol(enzyme.__unrendered__): <SearchBar
    autoFocus={false}
    onChange={[Function]}
    onKeyUp={[Function]}
    searchQuery=""
  />,
  Symbol(enzyme.__renderer__): Object {
    "batchedUpdates": [Function],
    "getNode": [Function],
    "render": [Function],
    "simulateEvent": [Function],
    "unmount": [Function],
  },
  Symbol(enzyme.__node__): Object {
    "instance": null,
    "key": undefined,
    "nodeType": "host",
    "props": Object {
      "children": <input
        aria-label="Search for emojis by keyword"
        className="interweave-picker__search-input"
        onChange={[Function]}
        onKeyUp={[Function]}
        placeholder="Search"
        type="text"
        value=""
      />,
      "className": "interweave-picker__search",
    },
    "ref": null,
    "rendered": Object {
      "instance": null,
      "key": undefined,
      "nodeType": "host",
      "props": Object {
        "aria-label": "Search for emojis by keyword",
        "className": "interweave-picker__search-input",
        "onChange": [Function],
        "onKeyUp": [Function],
        "placeholder": "Search",
        "type": "text",
        "value": "",
      },
      "ref": [Function],
      "rendered": null,
      "type": "input",
    },
    "type": "div",
  },
  Symbol(enzyme.__nodes__): Array [
    Object {
      "instance": null,
      "key": undefined,
      "nodeType": "host",
      "props": Object {
        "children": <input
          aria-label="Search for emojis by keyword"
          className="interweave-picker__search-input"
          onChange={[Function]}
          onKeyUp={[Function]}
          placeholder="Search"
          type="text"
          value=""
        />,
        "className": "interweave-picker__search",
      },
      "ref": null,
      "rendered": Object {
        "instance": null,
        "key": undefined,
        "nodeType": "host",
        "props": Object {
          "aria-label": "Search for emojis by keyword",
          "className": "interweave-picker__search-input",
          "onChange": [Function],
          "onKeyUp": [Function],
          "placeholder": "Search",
          "type": "text",
          "value": "",
        },
        "ref": [Function],
        "rendered": null,
        "type": "input",
      },
      "type": "div",
    },
  ],
  Symbol(enzyme.__options__): Object {
    "adapter": ReactSixteenAdapter {
      "options": Object {
        "enableComponentDidUpdateOnSetState": true,
      },
    },
    "context": Object {
      "classNames": Object {
        "emoji": "interweave-picker__emoji",
        "emojiActive": "interweave-picker__emoji--active",
        "emojis": "interweave-picker__emojis",
        "emojisBody": "interweave-picker__emojis-body",
        "emojisContainer": "interweave-picker__emojis-container",
        "emojisHeader": "interweave-picker__emojis-header",
        "emojisRow": "interweave-picker__emojis-row",
        "emojisSection": "interweave-picker__emojis-section",
        "group": "interweave-picker__group",
        "groupActive": "interweave-picker__group--active",
        "groups": "interweave-picker__groups",
        "groupsList": "interweave-picker__groups-list",
        "noPreview": "interweave-picker__no-preview",
        "noResults": "interweave-picker__no-results",
        "picker": "interweave-picker__picker",
        "pickerVirtual": "interweave-picker__picker--virtual",
        "preview": "interweave-picker__preview",
        "previewContent": "interweave-picker__preview-content",
        "previewEmoji": "interweave-picker__preview-emoji",
        "previewSubtitle": "interweave-picker__preview-subtitle",
        "previewTitle": "interweave-picker__preview-title",
        "search": "interweave-picker__search",
        "searchInput": "interweave-picker__search-input",
        "skinTone": "interweave-picker__skin-tone",
        "skinToneActive": "interweave-picker__skin-tone--active",
        "skinTones": "interweave-picker__skin-tones",
      },
      "messages": Object {
        "activities": "Activities",
        "animalsNature": "Animals & Nature",
        "flags": "Flags",
        "foodDrink": "Food & Drink",
        "frequentlyUsed": "Frequently Used",
        "noGroups": "All Emojis",
        "noPreview": "No emoji to display",
        "noResults": "No results",
        "objects": "Objects",
        "recentlyUsed": "Recently Used",
        "search": "Search",
        "searchA11y": "Search for emojis by keyword",
        "searchResults": "Search Results",
        "smileysPeople": "Smileys & People",
        "symbols": "Symbols",
        "travelPlaces": "Travel & Places",
      },
    },
  },
}
`;
