// Jest Snapshot v1, https://goo.gl/fbAQLP

exports[`Emoji renders an emoji 1`] = `
<button
  className="interweave-picker__emoji"
  key="1F408"
  onClick={[Function]}
  onMouseEnter={[Function]}
  onMouseLeave={[Function]}
  style={
    Object {
      "height": 32,
      "padding": 5,
      "width": 32,
    }
  }
  title="cat"
  type="button"
>
  <Emoji
    emojiLargeSize="3em"
    emojiPath="{{hexcode}}"
    emojiSize={22}
    emojiSource={
      Object {
        "compact": false,
        "locale": "en",
        "version": "latest",
      }
    }
    emoticon=""
    enlargeEmoji={false}
    hexcode="1F408"
    renderUnicode={false}
    shortcode=""
    unicode=""
  />
</button>
`;
