// Jest Snapshot v1, https://goo.gl/fbAQLP

exports[`<GroupTabs /> renders a list 1`] = `
<nav
  className="interweave-picker__groups"
>
  <ul
    className="interweave-picker__groups-list"
  >
    <li
      key="smileys-people"
    >
      <WithContextWrapper
        active={false}
        commonMode="frequently-used"
        group="smileys-people"
        onSelect={[Function]}
      >
        😃
      </WithContextWrapper>
    </li>
    <li
      key="animals-nature"
    >
      <WithContextWrapper
        active={false}
        commonMode="frequently-used"
        group="animals-nature"
        onSelect={[Function]}
      >
        🌿
      </WithContextWrapper>
    </li>
    <li
      key="food-drink"
    >
      <WithContextWrapper
        active={false}
        commonMode="frequently-used"
        group="food-drink"
        onSelect={[Function]}
      >
        🍎
      </WithContextWrapper>
    </li>
    <li
      key="travel-places"
    >
      <WithContextWrapper
        active={false}
        commonMode="frequently-used"
        group="travel-places"
        onSelect={[Function]}
      >
        🗺️
      </WithContextWrapper>
    </li>
    <li
      key="activities"
    >
      <WithContextWrapper
        active={false}
        commonMode="frequently-used"
        group="activities"
        onSelect={[Function]}
      >
        ⚽️
      </WithContextWrapper>
    </li>
    <li
      key="objects"
    >
      <WithContextWrapper
        active={false}
        commonMode="frequently-used"
        group="objects"
        onSelect={[Function]}
      >
        📘
      </WithContextWrapper>
    </li>
    <li
      key="symbols"
    >
      <WithContextWrapper
        active={false}
        commonMode="frequently-used"
        group="symbols"
        onSelect={[Function]}
      >
        ⛔️
      </WithContextWrapper>
    </li>
    <li
      key="flags"
    >
      <WithContextWrapper
        active={false}
        commonMode="frequently-used"
        group="flags"
        onSelect={[Function]}
      >
        🏴
      </WithContextWrapper>
    </li>
  </ul>
</nav>
`;
