// Jest Snapshot v1, https://goo.gl/fbAQLP

exports[`<PreviewBar /> renders a preview 1`] = `
<div
  className="interweave-picker__preview"
>
  <div
    className="interweave-picker__preview-emoji"
  >
    <Emoji
      emojiLargeSize="3em"
      emojiPath="{{hexcode}}"
      emojiSize="1em"
      emojiSource={
        Object {
          "compact": false,
          "locale": "en",
          "version": "latest",
        }
      }
      emoticon=""
      enlargeEmoji={true}
      hexcode="1F642"
      renderUnicode={false}
      shortcode=""
      unicode=""
    />
  </div>
  <div
    className="interweave-picker__preview-content"
  >
    <div
      className="interweave-picker__preview-title"
    >
      Slightly smiling face
    </div>
    <div
      className="interweave-picker__preview-subtitle"
    >
      :) :pleased:
    </div>
  </div>
</div>
`;
