// Jest Snapshot v1, https://goo.gl/fbAQLP

exports[`<SkinTonePalette /> renders a palette 1`] = `
<nav
  className="interweave-picker__skin-tones"
>
  <ul
    className="interweave-picker__skin-tones-list"
  >
    <li
      key="none"
    >
      <WithContextWrapper
        active={true}
        onSelect={[Function]}
        skinTone="none"
      />
    </li>
    <li
      key="light"
    >
      <WithContextWrapper
        active={false}
        onSelect={[Function]}
        skinTone="light"
      />
    </li>
    <li
      key="medium-light"
    >
      <WithContextWrapper
        active={false}
        onSelect={[Function]}
        skinTone="medium-light"
      />
    </li>
    <li
      key="medium"
    >
      <WithContextWrapper
        active={false}
        onSelect={[Function]}
        skinTone="medium"
      />
    </li>
    <li
      key="medium-dark"
    >
      <WithContextWrapper
        active={false}
        onSelect={[Function]}
        skinTone="medium-dark"
      />
    </li>
    <li
      key="dark"
    >
      <WithContextWrapper
        active={false}
        onSelect={[Function]}
        skinTone="dark"
      />
    </li>
  </ul>
</nav>
`;
